// Jest Snapshot v1, https://goo.gl/fbAQLP

exports[`snapshot 1`] = `
{
  "a": {
    "aa1": 1,
    "aa2": {
      "aaa1": true,
      "aaa2": [],
    },
  },
  "b": [
    {
      "bb1": 1,
    },
  ],
}
`;
